// Jest Snapshot v1, https://goo.gl/fbAQLP

exports[`matches snapshot 1`] = `
<DocumentFragment>
  <form>
    <div>
      <label
        for="color"
      >
        Color:
      </label>
      <input
        id="color"
        name="color"
        value=""
      />
    </div>
    <div>
      <label
        for="width"
      >
        Width:
      </label>
      <input
        id="width"
        name="width"
        type="number"
        value=""
      />
      <span>
        px
      </span>
    </div>
    <div>
      <label
        for="height"
      >
        Height:
      </label>
      <input
        id="height"
        name="height"
        type="number"
        value=""
      />
      <span>
        px
      </span>
    </div>
    <button>
      Add New
    </button>
  </form>
</DocumentFragment>
`;
